2026-09-05 15:59:59 0 [Note] Starting MariaDB 10.4.32-MariaDB source revision c4143f909528e3fab0677a28631d10389354c491 as process 3456
2026-09-05 15:59:59 0 [Note] InnoDB: Mutexes and rw_locks use Windows interlocked functions
2026-09-05 15:59:59 0 [Note] InnoDB: Uses event mutexes
2026-09-05 15:59:59 0 [Note] InnoDB: Compressed tables use zlib 1.3
2026-09-05 15:59:59 0 [Note] InnoDB: Number of pools: 1
2026-09-05 15:59:59 0 [Note] InnoDB: Using SSE2 crc32 instructions
2026-09-05 15:59:59 0 [Note] InnoDB: Initializing buffer pool, total size = 16M, instances = 1, chunk size = 16M
2026-09-05 15:59:59 0 [Note] InnoDB: Completed initialization of buffer pool
2026-09-05 15:59:59 0 [Note] InnoDB: Starting crash recovery from checkpoint LSN=300288
2026-09-05 15:59:59 0 [Note] InnoDB: 128 out of 128 rollback segments are active.
2026-09-05 15:59:59 0 [Note] InnoDB: Removed temporary tablespace data file: "ibtmp1"
2026-09-05 15:59:59 0 [Note] InnoDB: Creating shared tablespace for temporary tables
2026-09-05 15:59:59 0 [Note] InnoDB: Setting file 'C:\xampp\mysql\data\ibtmp1' size to 12 MB. Physically writing the file full; Please wait ...
2026-09-05 15:59:59 0 [Note] InnoDB: File 'C:\xampp\mysql\data\ibtmp1' size is now 12 MB.
2026-09-05 15:59:59 0 [Note] InnoDB: Waiting for purge to start
2026-09-05 15:59:59 0 [Note] InnoDB: 10.4.32 started; log sequence number 300297; transaction id 170
2026-09-05 15:59:59 0 [Note] InnoDB: Loading buffer pool(s) from C:\xampp\mysql\data\ib_buffer_pool
2026-09-05 15:59:59 0 [Note] InnoDB: Buffer pool(s) load completed at 260905 15:59:59
2026-09-05 15:59:59 0 [Note] Plugin 'FEEDBACK' is disabled.
2026-09-05 15:59:59 0 [Note] Server socket created on IP: '::'.
2026-09-05 22:36:14 0 [Note] Starting MariaDB 10.4.32-MariaDB source revision c4143f909528e3fab0677a28631d10389354c491 as process 9972
2026-09-05 22:36:14 0 [Note] InnoDB: Mutexes and rw_locks use Windows interlocked functions
2026-09-05 22:36:14 0 [Note] InnoDB: Uses event mutexes
2026-09-05 22:36:14 0 [Note] InnoDB: Compressed tables use zlib 1.3
2026-09-05 22:36:14 0 [Note] InnoDB: Number of pools: 1
2026-09-05 22:36:14 0 [Note] InnoDB: Using SSE2 crc32 instructions
2026-09-05 22:36:14 0 [Note] InnoDB: Initializing buffer pool, total size = 16M, instances = 1, chunk size = 16M
2026-09-05 22:36:14 0 [Note] InnoDB: Completed initialization of buffer pool
2026-09-05 22:36:14 0 [Note] InnoDB: Starting crash recovery from checkpoint LSN=304392
2026-09-05 22:36:17 0 [Note] InnoDB: 128 out of 128 rollback segments are active.
2026-09-05 22:36:17 0 [Note] InnoDB: Removed temporary tablespace data file: "ibtmp1"
2026-09-05 22:36:17 0 [Note] InnoDB: Creating shared tablespace for temporary tables
2026-09-05 22:36:17 0 [Note] InnoDB: Setting file 'C:\xampp\mysql\data\ibtmp1' size to 12 MB. Physically writing the file full; Please wait ...
2026-09-05 22:36:17 0 [Note] InnoDB: File 'C:\xampp\mysql\data\ibtmp1' size is now 12 MB.
2026-09-05 22:36:17 0 [Note] InnoDB: Waiting for purge to start
2026-09-05 22:36:17 0 [Note] InnoDB: Waiting for purge to start
2026-09-05 22:36:18 0 [Note] InnoDB: Waiting for purge to start
2026-09-05 22:36:18 0 [Note] InnoDB: 10.4.32 started; log sequence number 304401; transaction id 197
2026-09-05 22:36:18 0 [Note] InnoDB: Loading buffer pool(s) from C:\xampp\mysql\data\ib_buffer_pool
2026-09-05 22:36:18 0 [Note] Plugin 'FEEDBACK' is disabled.
2026-09-05 22:36:18 0 [Note] InnoDB: Buffer pool(s) load completed at 260905 22:36:18
2026-09-05 22:36:19 0 [Note] Server socket created on IP: '::'.
2026-09-06 22:04:19 0 [Note] Starting MariaDB 10.4.32-MariaDB source revision c4143f909528e3fab0677a28631d10389354c491 as process 14260
2026-09-06 22:04:19 0 [Note] InnoDB: Mutexes and rw_locks use Windows interlocked functions
2026-09-06 22:04:19 0 [Note] InnoDB: Uses event mutexes
2026-09-06 22:04:19 0 [Note] InnoDB: Compressed tables use zlib 1.3
2026-09-06 22:04:19 0 [Note] InnoDB: Number of pools: 1
2026-09-06 22:04:19 0 [Note] InnoDB: Using SSE2 crc32 instructions
2026-09-06 22:04:19 0 [Note] InnoDB: Initializing buffer pool, total size = 16M, instances = 1, chunk size = 16M
2026-09-06 22:04:19 0 [Note] InnoDB: Completed initialization of buffer pool
2026-09-06 22:04:20 0 [Note] InnoDB: Starting crash recovery from checkpoint LSN=391942
2026-09-06 22:04:20 0 [Note] InnoDB: 128 out of 128 rollback segments are active.
2026-09-06 22:04:20 0 [Note] InnoDB: Removed temporary tablespace data file: "ibtmp1"
2026-09-06 22:04:20 0 [Note] InnoDB: Creating shared tablespace for temporary tables
2026-09-06 22:04:20 0 [Note] InnoDB: Setting file 'C:\xampp\mysql\data\ibtmp1' size to 12 MB. Physically writing the file full; Please wait ...
2026-09-06 22:04:20 0 [Note] InnoDB: File 'C:\xampp\mysql\data\ibtmp1' size is now 12 MB.
2026-09-06 22:04:20 0 [Note] InnoDB: Waiting for purge to start
2026-09-06 22:04:20 0 [Note] InnoDB: Waiting for purge to start
2026-09-06 22:04:21 0 [Note] InnoDB: 10.4.32 started; log sequence number 391951; transaction id 353
2026-09-06 22:04:21 0 [Note] InnoDB: Loading buffer pool(s) from C:\xampp\mysql\data\ib_buffer_pool
2026-09-06 22:04:21 0 [Note] Plugin 'FEEDBACK' is disabled.
2026-09-06 22:04:21 0 [Note] InnoDB: Buffer pool(s) load completed at 260906 22:04:21
2026-09-06 22:04:21 0 [Note] Server socket created on IP: '::'.
2026-09-06 22:04:30 0 [Note] Starting MariaDB 10.4.32-MariaDB source revision c4143f909528e3fab0677a28631d10389354c491 as process 9232
2026-09-06 22:04:31 0 [Note] InnoDB: Mutexes and rw_locks use Windows interlocked functions
2026-09-06 22:04:31 0 [Note] InnoDB: Uses event mutexes
2026-09-06 22:04:31 0 [Note] InnoDB: Compressed tables use zlib 1.3
2026-09-06 22:04:31 0 [Note] InnoDB: Number of pools: 1
2026-09-06 22:04:31 0 [Note] InnoDB: Using SSE2 crc32 instructions
2026-09-06 22:04:31 0 [Note] InnoDB: Initializing buffer pool, total size = 16M, instances = 1, chunk size = 16M
2026-09-06 22:04:31 0 [Note] InnoDB: Completed initialization of buffer pool
2026-09-06 22:04:31 0 [Note] InnoDB: Starting crash recovery from checkpoint LSN=391942
2026-09-06 22:04:31 0 [Note] InnoDB: 128 out of 128 rollback segments are active.
2026-09-06 22:04:31 0 [Note] InnoDB: Removed temporary tablespace data file: "ibtmp1"
2026-09-06 22:04:31 0 [Note] InnoDB: Creating shared tablespace for temporary tables
2026-09-06 22:04:31 0 [Note] InnoDB: Setting file 'C:\xampp\mysql\data\ibtmp1' size to 12 MB. Physically writing the file full; Please wait ...
2026-09-06 22:04:31 0 [Note] InnoDB: File 'C:\xampp\mysql\data\ibtmp1' size is now 12 MB.
2026-09-06 22:04:31 0 [Note] InnoDB: Waiting for purge to start
2026-09-06 22:04:31 0 [Note] InnoDB: 10.4.32 started; log sequence number 391951; transaction id 353
2026-09-06 22:04:31 0 [Note] InnoDB: Loading buffer pool(s) from C:\xampp\mysql\data\ib_buffer_pool
2026-09-06 22:04:31 0 [Note] InnoDB: Buffer pool(s) load completed at 260906 22:04:31
2026-09-06 22:04:31 0 [Note] Plugin 'FEEDBACK' is disabled.
2026-09-06 22:04:31 0 [Note] Server socket created on IP: '::'.
2026-09-06 22:04:31 0 [Note] Reading of all Master_info entries succeeded
2026-09-06 22:04:31 0 [Note] Added new Master_info '' to hash table
2026-09-06 22:04:31 0 [Note] c:\xampp\mysql\bin\mysqld.exe: ready for connections.
Version: '10.4.32-MariaDB'  socket: ''  port: 3306  mariadb.org binary distribution
2026-09-07 17:21:45 0 [Note] Starting MariaDB 10.4.32-MariaDB source revision c4143f909528e3fab0677a28631d10389354c491 as process 14392
2026-09-07 17:21:45 0 [Note] InnoDB: Mutexes and rw_locks use Windows interlocked functions
2026-09-07 17:21:45 0 [Note] InnoDB: Uses event mutexes
2026-09-07 17:21:45 0 [Note] InnoDB: Compressed tables use zlib 1.3
2026-09-07 17:21:45 0 [Note] InnoDB: Number of pools: 1
2026-09-07 17:21:45 0 [Note] InnoDB: Using SSE2 crc32 instructions
2026-09-07 17:21:45 0 [Note] InnoDB: Initializing buffer pool, total size = 16M, instances = 1, chunk size = 16M
2026-09-07 17:21:45 0 [Note] InnoDB: Completed initialization of buffer pool
2026-09-07 17:21:45 0 [Note] InnoDB: Starting crash recovery from checkpoint LSN=415773
2026-09-07 17:21:46 0 [Note] InnoDB: 128 out of 128 rollback segments are active.
2026-09-07 17:21:46 0 [Note] InnoDB: Removed temporary tablespace data file: "ibtmp1"
2026-09-07 17:21:46 0 [Note] InnoDB: Creating shared tablespace for temporary tables
2026-09-07 17:21:46 0 [Note] InnoDB: Setting file 'C:\xampp\mysql\data\ibtmp1' size to 12 MB. Physically writing the file full; Please wait ...
2026-09-07 17:21:46 0 [Note] InnoDB: File 'C:\xampp\mysql\data\ibtmp1' size is now 12 MB.
2026-09-07 17:21:46 0 [Note] InnoDB: Waiting for purge to start
2026-09-07 17:21:46 0 [Note] InnoDB: 10.4.32 started; log sequence number 415782; transaction id 410
2026-09-07 17:21:46 0 [Note] InnoDB: Loading buffer pool(s) from C:\xampp\mysql\data\ib_buffer_pool
2026-09-07 17:21:46 0 [Note] Plugin 'FEEDBACK' is disabled.
2026-09-07 17:21:46 0 [Note] InnoDB: Buffer pool(s) load completed at 260907 17:21:46
2026-09-07 17:21:46 0 [Note] Server socket created on IP: '::'.
